http_interactions:
- request:
    method: get
    uri: https://api.crossref.org/works/10.1038/jid.2009.428/agency
    body:
      encoding: ''
      string: ''
    headers:
      Accept-Encoding: gzip, deflate
      Accept: application/json, text/xml, application/xml, */*
      User-Agent: r-curl/4.3.2 crul/1.3 rOpenSci(rcrossref/1.1.0.99) (mailto:<crossref_email>)
      X-USER-AGENT: r-curl/4.3.2 crul/1.3 rOpenSci(rcrossref/1.1.0.99) (mailto:<crossref_email>)
  response:
    status:
      status_code: '200'
      message: OK
      explanation: Request fulfilled, document follows
    headers:
      access-control-allow-headers: X-Requested-With, Accept, Accept-Encoding, Accept-Charset,
        Accept-Language, Accept-Ranges, Cache-Control
      access-control-allow-origin: '*'
      access-control-expose-headers: Link
      connection: close
      content-type: application/json;charset=utf-8
      date: Wed, 09 Nov 2022 09:20:55 GMT
      permissions-policy: interest-cohort=()
      server: Jetty(9.4.40.v20210413)
      set-cookie:
      - AWSALB=0YkvDM5/JOvu27Z3vHJIup1aw/0MZgWpDgpX33lojFE5ycH09UNibB20ufTDJAIU/m5VJlv4YkpoTxdPlxRXPf287v6PfhJ39aPlBt+GgWIMs4+LSmgROh2qytHX;
        Expires=Wed, 16 Nov 2022 09:20:55 GMT; Path=/
      - AWSALBCORS=0YkvDM5/JOvu27Z3vHJIup1aw/0MZgWpDgpX33lojFE5ycH09UNibB20ufTDJAIU/m5VJlv4YkpoTxdPlxRXPf287v6PfhJ39aPlBt+GgWIMs4+LSmgROh2qytHX;
        Expires=Wed, 16 Nov 2022 09:20:55 GMT; Path=/; SameSite=None
      status: HTTP/1.1 200 OK
      transfer-encoding: chunked
      vary: Accept
      x-api-pool: polite
      x-rate-limit-interval: 1s
      x-rate-limit-limit: '50'
      x-ratelimit-interval: 1s
      x-ratelimit-limit: '50'
    body:
      encoding: ''
      file: no
      string: '{"status":"ok","message-type":"work-agency","message-version":"1.0.0","message":{"DOI":"10.1038\/jid.2009.428","agency":{"id":"crossref","label":"Crossref"}}}'
  recorded_at: 2022-11-09 09:20:58 GMT
  recorded_with: vcr/1.1.0, webmockr/0.8.0
- request:
    method: get
    uri: https://api.crossref.org/works/10.13039/100000001/agency
    body:
      encoding: ''
      string: ''
    headers:
      Accept-Encoding: gzip, deflate
      Accept: application/json, text/xml, application/xml, */*
      User-Agent: r-curl/4.3.2 crul/1.3 rOpenSci(rcrossref/1.1.0.99) (mailto:<crossref_email>)
      X-USER-AGENT: r-curl/4.3.2 crul/1.3 rOpenSci(rcrossref/1.1.0.99) (mailto:<crossref_email>)
  response:
    status:
      status_code: '200'
      message: OK
      explanation: Request fulfilled, document follows
    headers:
      access-control-allow-headers: X-Requested-With, Accept, Accept-Encoding, Accept-Charset,
        Accept-Language, Accept-Ranges, Cache-Control
      access-control-allow-origin: '*'
      access-control-expose-headers: Link
      connection: close
      content-type: application/json;charset=utf-8
      date: Wed, 09 Nov 2022 09:20:57 GMT
      permissions-policy: interest-cohort=()
      server: Jetty(9.4.40.v20210413)
      set-cookie:
      - AWSALB=e22Y0MQotbq/KLzEWXh21K7XNz3bEJjMQySzQb5DTV7UFozYC/CTd4P/G0XxDLSzFJsinL3aGg1hvWAwiRaWYgyOftaLFeAtmaYj/m6kPeFRyONXhGm/79w6xIM6;
        Expires=Wed, 16 Nov 2022 09:20:57 GMT; Path=/
      - AWSALBCORS=e22Y0MQotbq/KLzEWXh21K7XNz3bEJjMQySzQb5DTV7UFozYC/CTd4P/G0XxDLSzFJsinL3aGg1hvWAwiRaWYgyOftaLFeAtmaYj/m6kPeFRyONXhGm/79w6xIM6;
        Expires=Wed, 16 Nov 2022 09:20:57 GMT; Path=/; SameSite=None
      status: HTTP/1.1 200 OK
      transfer-encoding: chunked
      vary: Accept
      x-api-pool: polite
      x-rate-limit-interval: 1s
      x-rate-limit-limit: '50'
      x-ratelimit-interval: 1s
      x-ratelimit-limit: '50'
    body:
      encoding: ''
      file: no
      string: '{"status":"ok","message-type":"work-agency","message-version":"1.0.0","message":{"DOI":"10.13039\/100000001","agency":{"id":"crossref","label":"Crossref"}}}'
  recorded_at: 2022-11-09 09:20:58 GMT
  recorded_with: vcr/1.1.0, webmockr/0.8.0
- request:
    method: get
    uri: https://api.crossref.org/works/10.13039/100000015/agency
    body:
      encoding: ''
      string: ''
    headers:
      Accept-Encoding: gzip, deflate
      Accept: application/json, text/xml, application/xml, */*
      User-Agent: r-curl/4.3.2 crul/1.3 rOpenSci(rcrossref/1.1.0.99) (mailto:<crossref_email>)
      X-USER-AGENT: r-curl/4.3.2 crul/1.3 rOpenSci(rcrossref/1.1.0.99) (mailto:<crossref_email>)
  response:
    status:
      status_code: '200'
      message: OK
      explanation: Request fulfilled, document follows
    headers:
      access-control-allow-headers: X-Requested-With, Accept, Accept-Encoding, Accept-Charset,
        Accept-Language, Accept-Ranges, Cache-Control
      access-control-allow-origin: '*'
      access-control-expose-headers: Link
      connection: close
      content-type: application/json;charset=utf-8
      date: Wed, 09 Nov 2022 09:20:57 GMT
      permissions-policy: interest-cohort=()
      server: Jetty(9.4.40.v20210413)
      set-cookie:
      - AWSALB=CFHg3D0HT6nijIoV6X1sE9/xP2sv03FRAXjB6ehfbnOY3GJhca0V1K2RT9XTKc5JNAIoRuA9jBtn7mmNBxuik4u8YhqQRcHd6juJkyWzuyVLtOQkHQSlXFB8qzH+;
        Expires=Wed, 16 Nov 2022 09:20:57 GMT; Path=/
      - AWSALBCORS=CFHg3D0HT6nijIoV6X1sE9/xP2sv03FRAXjB6ehfbnOY3GJhca0V1K2RT9XTKc5JNAIoRuA9jBtn7mmNBxuik4u8YhqQRcHd6juJkyWzuyVLtOQkHQSlXFB8qzH+;
        Expires=Wed, 16 Nov 2022 09:20:57 GMT; Path=/; SameSite=None
      status: HTTP/1.1 200 OK
      transfer-encoding: chunked
      vary: Accept
      x-api-pool: polite
      x-rate-limit-interval: 1s
      x-rate-limit-limit: '50'
      x-ratelimit-interval: 1s
      x-ratelimit-limit: '50'
    body:
      encoding: ''
      file: no
      string: '{"status":"ok","message-type":"work-agency","message-version":"1.0.0","message":{"DOI":"10.13039\/100000015","agency":{"id":"crossref","label":"Crossref"}}}'
  recorded_at: 2022-11-09 09:20:58 GMT
  recorded_with: vcr/1.1.0, webmockr/0.8.0
